/Users/uiye2048/Documents/test/Core/Src/main.c:94:8:to_radians	16	static
/Users/uiye2048/Documents/test/Core/Src/main.c:98:8:to_degrees	16	static
/Users/uiye2048/Documents/test/Core/Src/main.c:102:6:calculate_offset	112	static
/Users/uiye2048/Documents/test/Core/Src/main.c:120:6:LoRa_USART1_Init	32	static
/Users/uiye2048/Documents/test/Core/Src/main.c:154:6:USART1_IRQHandler	8	static
/Users/uiye2048/Documents/test/Core/Src/main.c:164:5:main	208	static
/Users/uiye2048/Documents/test/Core/Src/main.c:261:6:SystemClock_Config	96	static
/Users/uiye2048/Documents/test/Core/Src/main.c:298:13:MX_ADC1_Init	24	static
/Users/uiye2048/Documents/test/Core/Src/main.c:324:13:MX_USART3_UART_Init	8	static
/Users/uiye2048/Documents/test/Core/Src/main.c:343:13:MX_GPIO_Init	16	static
/Users/uiye2048/Documents/test/Core/Src/main.c:350:8:NMEA_to_Decimal	40	static
/Users/uiye2048/Documents/test/Core/Src/main.c:356:6:HAL_UART_RxCpltCallback	160	static
/Users/uiye2048/Documents/test/Core/Src/main.c:490:6:Error_Handler	4	static
